
There are no discarded input sections

Memory Configuration

Name             Origin             Length             Attributes
FLASH            0x08000000         0x00100000         xr
RAM              0x20000000         0x00020000         xrw
*default*        0x00000000         0xffffffff

Linker script and memory map

LOAD src/main.o
LOAD startup/startup_stm32f4.o
                0x20020000                        _estack = (ORIGIN (RAM) + LENGTH (RAM))

.isr_vector     0x08000000       0x40
 *(.isr_vector)
 .isr_vector    0x08000000       0x40 startup/startup_stm32f4.o
                0x08000000                g_pfnVectors

.text           0x08000040      0x243
 *(.text*)
 .text          0x08000040      0x1d4 src/main.o
                0x0800007e                systick_init
                0x080000b0                SysTick_Handler
                0x080000cc                print_two_digits
                0x08000124                main
 .text          0x08000214        0x0 startup/startup_stm32f4.o
 .text.Reset_Handler
                0x08000214       0x48 startup/startup_stm32f4.o
                0x08000214                Reset_Handler
                0x08000242                Default_Handler
 *(.rodata*)
 .rodata        0x0800025c       0x27 src/main.o
                0x08000283                        _etext = .
                0x08000283                        _sidata = LOADADDR (.data)

.glue_7         0x08000284        0x0
 .glue_7        0x08000284        0x0 linker stubs

.glue_7t        0x08000284        0x0
 .glue_7t       0x08000284        0x0 linker stubs

.vfp11_veneer   0x08000284        0x0
 .vfp11_veneer  0x08000284        0x0 linker stubs

.v4_bx          0x08000284        0x0
 .v4_bx         0x08000284        0x0 linker stubs

.iplt           0x08000284        0x0
 .iplt          0x08000284        0x0 src/main.o

.rel.dyn        0x08000284        0x0
 .rel.iplt      0x08000284        0x0 src/main.o

.data           0x20000000        0x4 load address 0x08000283
                0x20000000                        _sdata = .
 *(.data*)
 .data          0x20000000        0x4 src/main.o
                0x20000000                initialized
 .data          0x20000004        0x0 startup/startup_stm32f4.o
                0x20000004                        _edata = .

.igot.plt       0x20000004        0x0 load address 0x08000287
 .igot.plt      0x20000004        0x0 src/main.o

.bss            0x20000004       0x18 load address 0x08000287
                0x20000004                        _sbss = .
 *(.bss*)
 .bss           0x20000004       0x18 src/main.o
                0x20000004                uninitialized
                0x20000008                systick_counter
                0x2000000c                hours
                0x20000010                minutes
                0x20000014                seconds
                0x20000018                prev_sec
 .bss           0x2000001c        0x0 startup/startup_stm32f4.o
 *(COMMON)
                0x2000001c                        _ebss = .
OUTPUT(firmware.elf elf32-littlearm)
LOAD linker stubs

.debug_info     0x00000000      0x212
 .debug_info    0x00000000      0x1ee src/main.o
 .debug_info    0x000001ee       0x24 startup/startup_stm32f4.o

.debug_abbrev   0x00000000      0x15b
 .debug_abbrev  0x00000000      0x147 src/main.o
 .debug_abbrev  0x00000147       0x14 startup/startup_stm32f4.o

.debug_aranges  0x00000000       0x40
 .debug_aranges
                0x00000000       0x20 src/main.o
 .debug_aranges
                0x00000020       0x20 startup/startup_stm32f4.o

.debug_line     0x00000000      0x199
 .debug_line    0x00000000      0x133 src/main.o
 .debug_line    0x00000133       0x66 startup/startup_stm32f4.o

.debug_str      0x00000000      0x1dc
 .debug_str     0x00000000      0x1dc src/main.o
                                0x1fb (size before relaxing)
 .debug_str     0x000001dc       0x66 startup/startup_stm32f4.o

.comment        0x00000000       0x26
 .comment       0x00000000       0x26 src/main.o
                                 0x27 (size before relaxing)

.ARM.attributes
                0x00000000       0x32
 .ARM.attributes
                0x00000000       0x34 src/main.o
 .ARM.attributes
                0x00000034       0x25 startup/startup_stm32f4.o

.debug_frame    0x00000000       0xdc
 .debug_frame   0x00000000       0xdc src/main.o

.debug_line_str
                0x00000000       0x5a
 .debug_line_str
                0x00000000       0x5a startup/startup_stm32f4.o
